// Jest Snapshot v1, https://goo.gl/fbAQLP

exports[`Greeting Components Enzyme should render correctly in "debug" mode 1`] = `ShallowWrapper {}`;
